Print Number: 0
Composer: Bach, Johann Sebastian
Title: Christmass Oratorio
Genre: cantata
Key: C
Composition Year: 1728
Edition: Barenreiter
Editor: xy
Voice 1: g-d3, violin,  part
Voice 2: C2-c, cello, part
Voice 3: c-e3, cis
Partiture: no
Incipit: treble 2/4 c4 d8 e8 |

Print Number: 1
Composer: Weber, Carl Maria
Title: Concerto for bassoon and orchestra op. 75
Genre: solo concerto
Key: Bes
Edition: modern
Voice 1: Bes1--d2; bassoon, part
Partiture: no
Incipit: treble 4/4 f'2 c8. a16 f8. a16 |

Print Number: 2
Composer: Ko₧eluh, Antonφn (1738--1814)
Title: Concerto for bassoon and orchestra
Genre: solo concerto
Key: C
